0 verbose cli /Users/nandastwo/.nvm/versions/node/v24.14.0/bin/node /Users/nandastwo/.nvm/versions/node/v24.14.0/bin/npm
1 info using npm@11.9.0
2 info using node@v24.14.0
3 silly config load:file:/Users/nandastwo/.nvm/versions/node/v24.14.0/lib/node_modules/npm/npmrc
4 silly config load:file:/Users/nandastwo/Downloads/Influenciadordofuturo-main/.npmrc
5 silly config load:file:/Users/nandastwo/.npmrc
6 silly config load:file:/Users/nandastwo/.nvm/versions/node/v24.14.0/etc/npmrc
7 verbose title npm install react@18.3.1 react-dom@18.3.1
8 verbose argv "install" "react@18.3.1" "react-dom@18.3.1" "--save" "--legacy-peer-deps" "--no-audit" "--no-fund"
9 verbose logfile logs-max:10 dir:/Users/nandastwo/Downloads/Influenciadordofuturo-main/.npm-cache/_logs/2026-03-07T21_27_45_521Z-
10 verbose logfile /Users/nandastwo/Downloads/Influenciadordofuturo-main/.npm-cache/_logs/2026-03-07T21_27_45_521Z-debug-0.log
11 silly logfile done cleaning log files
12 http fetch GET https://registry.npmjs.org/npm attempt 1 failed with ENOTFOUND
13 silly packumentCache heap:4496293888 maxSize:1124073472 maxEntrySize:562036736
14 silly idealTree buildDeps
15 silly reify moves {}
16 verbose stack TypeError: Cannot read properties of undefined (reading 'spec')
16 verbose stack     at updateNodes (/Users/nandastwo/.nvm/versions/node/v24.14.0/lib/node_modules/npm/node_modules/@npmcli/arborist/lib/arborist/reify.js:1288:44)
16 verbose stack     at [saveIdealTree] (/Users/nandastwo/.nvm/versions/node/v24.14.0/lib/node_modules/npm/node_modules/@npmcli/arborist/lib/arborist/reify.js:1456:11)
16 verbose stack     at Arborist.reify (/Users/nandastwo/.nvm/versions/node/v24.14.0/lib/node_modules/npm/node_modules/@npmcli/arborist/lib/arborist/reify.js:127:31)
16 verbose stack     at async Install.exec (/Users/nandastwo/.nvm/versions/node/v24.14.0/lib/node_modules/npm/lib/commands/install.js:151:5)
16 verbose stack     at async Npm.exec (/Users/nandastwo/.nvm/versions/node/v24.14.0/lib/node_modules/npm/lib/npm.js:208:9)
16 verbose stack     at async module.exports (/Users/nandastwo/.nvm/versions/node/v24.14.0/lib/node_modules/npm/lib/cli/entry.js:67:5)
17 error Cannot read properties of undefined (reading 'spec')
18 silly unfinished npm timer reify 1772918865635
19 silly unfinished npm timer reify:save 1772918865749
20 verbose cwd /Users/nandastwo/Downloads/Influenciadordofuturo-main
21 verbose os Darwin 25.3.0
22 verbose node v24.14.0
23 verbose npm  v11.9.0
24 verbose exit 1
25 verbose code 1
26 error A complete log of this run can be found in: /Users/nandastwo/Downloads/Influenciadordofuturo-main/.npm-cache/_logs/2026-03-07T21_27_45_521Z-debug-0.log
